
   info - Use 'const' with the constructor to improve performance - lib\core\theme\app_theme.dart:11:18 - prefer_const_constructors
   info - Use 'const' with the constructor to improve performance - lib\core\theme\app_theme.dart:66:18 - prefer_const_constructors
   info - Use 'const' with the constructor to improve performance - lib\features\auth\auth_screen.dart:207:27 - prefer_const_constructors
   info - Use 'const' literals as arguments to constructors of '@immutable' classes - lib\features\auth\auth_screen.dart:208:39 - prefer_const_literals_to_create_immutables
   info - Use 'const' with the constructor to improve performance - lib\features\auth\auth_screen.dart:219:31 - prefer_const_constructors
   info - Use 'const' with the constructor to improve performance - lib\features\auth\auth_screen.dart:221:40 - prefer_const_constructors
   info - Use 'const' with the constructor to improve performance - lib\features\auth\auth_screen.dart:235:27 - prefer_const_constructors
   info - Use 'const' with the constructor to improve performance - lib\features\auth\auth_screen.dart:237:36 - prefer_const_constructors
   info - Statements in an if should be enclosed in a block - lib\features\home\bucket_detail_page.dart:65:26 - curly_braces_in_flow_control_structures
   info - Statements in an if should be enclosed in a block - lib\features\home\bucket_detail_page.dart:66:31 - curly_braces_in_flow_control_structures
   info - Statements in an if should be enclosed in a block - lib\features\home\bucket_detail_page.dart:67:31 - curly_braces_in_flow_control_structures
   info - Statements in an if should be enclosed in a block - lib\features\home\bucket_detail_page.dart:68:14 - curly_braces_in_flow_control_structures
   info - Don't invoke 'print' in production code - lib\features\home\buckets_page.dart:72:9 - avoid_print
warning - Unused import: 'dart:convert' - lib\features\home\home_page.dart:1:8 - unused_import
warning - Unused import: 'package:http/http.dart' - lib\features\home\home_page.dart:4:8 - unused_import
   info - Don't invoke 'print' in production code - lib\features\home\home_page.dart:126:9 - avoid_print
   info - Don't invoke 'print' in production code - lib\features\home\home_page.dart:129:7 - avoid_print
   info - Don't invoke 'print' in production code - lib\features\home\home_page.dart:131:7 - avoid_print
   info - Statements in an if should be enclosed in a block - lib\features\home\home_page.dart:303:28 - curly_braces_in_flow_control_structures
   info - Statements in an if should be enclosed in a block - lib\features\home\home_page.dart:304:33 - curly_braces_in_flow_control_structures
   info - Statements in an if should be enclosed in a block - lib\features\home\home_page.dart:305:33 - curly_braces_in_flow_control_structures
   info - Statements in an if should be enclosed in a block - lib\features\home\home_page.dart:306:16 - curly_braces_in_flow_control_structures
   info - Statements in an if should be enclosed in a block - lib\features\home\home_page.dart:309:24 - curly_braces_in_flow_control_structures
   info - Statements in an if should be enclosed in a block - lib\features\home\home_page.dart:310:29 - curly_braces_in_flow_control_structures
   info - Statements in an if should be enclosed in a block - lib\features\home\home_page.dart:311:29 - curly_braces_in_flow_control_structures
   info - Statements in an if should be enclosed in a block - lib\features\home\home_page.dart:312:12 - curly_braces_in_flow_control_structures
   info - Use 'const' with the constructor to improve performance - lib\features\home\screens\email_details_screen.dart:303:22 - prefer_const_constructors
   info - Use 'const' literals as arguments to constructors of '@immutable' classes - lib\features\home\screens\email_details_screen.dart:304:27 - prefer_const_literals_to_create_immutables
   info - Use 'const' with the constructor to improve performance - lib\features\home\screens\email_details_screen.dart:305:19 - prefer_const_constructors
   info - Use 'const' with the constructor to improve performance - lib\features\home\screens\email_details_screen.dart:311:19 - prefer_const_constructors
   info - Use 'const' with the constructor to improve performance - lib\features\home\screens\email_details_screen.dart:313:28 - prefer_const_constructors
   info - Use 'const' with the constructor to improve performance - lib\features\home\screens\email_details_screen.dart:594:14 - prefer_const_constructors
   info - Use 'const' with the constructor to improve performance - lib\features\home\screens\email_details_screen.dart:595:16 - prefer_const_constructors
   info - Use 'const' literals as arguments to constructors of '@immutable' classes - lib\features\home\screens\email_details_screen.dart:597:21 - prefer_const_literals_to_create_immutables
   info - Use 'const' with the constructor to improve performance - lib\features\home\screens\email_details_screen.dart:600:13 - prefer_const_constructors
   info - Use 'const' with the constructor to improve performance - lib\features\home\screens\email_details_screen.dart:602:22 - prefer_const_constructors
   info - Use 'const' with the constructor to improve performance - lib\features\home\screens\email_details_screen.dart:641:24 - prefer_const_constructors
  error - The getter 'actionType' isn't defined for the type 'EmailDetailModel' - lib\features\home\screens\email_details_screen.dart:705:57 - undefined_getter
   info - Use 'const' with the constructor to improve performance - lib\features\home\screens\email_details_screen.dart:724:19 - prefer_const_constructors
   info - Use 'const' with the constructor to improve performance - lib\features\home\screens\email_details_screen.dart:726:28 - prefer_const_constructors
  error - Undefined class 'EmailDetailModel' - lib\features\home\screens\email_details_screen.dart:788:33 - undefined_class
   info - Use 'const' with the constructor to improve performance - lib\features\home\screens\email_details_screen.dart:865:11 - prefer_const_constructors
   info - Use 'const' literals as arguments to constructors of '@immutable' classes - lib\features\home\screens\email_details_screen.dart:866:23 - prefer_const_literals_to_create_immutables
   info - Use 'const' with the constructor to improve performance - lib\features\home\screens\email_details_screen.dart:867:15 - prefer_const_constructors
   info - Don't invoke 'print' in production code - lib\features\home\screens\email_details_screen.dart:919:7 - avoid_print
   info - Use 'const' with the constructor to improve performance - lib\features\home\screens\email_details_screen.dart:938:11 - prefer_const_constructors
   info - Use 'const' literals as arguments to constructors of '@immutable' classes - lib\features\home\screens\email_details_screen.dart:939:23 - prefer_const_literals_to_create_immutables
   info - Use 'const' with the constructor to improve performance - lib\features\home\screens\email_details_screen.dart:942:15 - prefer_const_constructors
   info - Use 'const' with the constructor to improve performance - lib\features\home\screens\email_details_screen.dart:944:24 - prefer_const_constructors
   info - Use 'const' with the constructor to improve performance - lib\features\home\screens\email_details_screen.dart:985:36 - prefer_const_constructors
warning - A value for optional parameter 'key' isn't ever given - lib\features\home\screens\email_details_screen.dart:1080:11 - unused_element_parameter
   info - Use 'const' with the constructor to improve performance - lib\features\home\widgets\email_body_view.dart:34:14 - prefer_const_constructors
   info - Use 'const' with the constructor to improve performance - lib\features\home\widgets\email_body_view.dart:45:18 - prefer_const_constructors
   info - Use 'const' with the constructor to improve performance - lib\features\home\widgets\email_body_view.dart:67:14 - prefer_const_constructors
   info - Use 'const' with the constructor to improve performance - lib\features\home\widgets\email_body_view.dart:69:16 - prefer_const_constructors
   info - Use 'const' with the constructor to improve performance - lib\features\home\widgets\thread_message_card.dart:95:30 - prefer_const_constructors
   info - Use 'const' with the constructor to improve performance - lib\features\home\widgets\thread_message_card.dart:173:24 - prefer_const_constructors
   info - Use 'const' with the constructor to improve performance - lib\features\home\widgets\thread_message_card.dart:190:22 - prefer_const_constructors
   info - Use 'const' with the constructor to improve performance - lib\features\home\widgets\thread_message_card.dart:250:22 - prefer_const_constructors
   info - Use 'const' with the constructor to improve performance - lib\features\home\widgets\thread_message_card.dart:260:22 - prefer_const_constructors
   info - Use 'const' with the constructor to improve performance - lib\features\home\widgets\thread_message_card.dart:285:13 - prefer_const_constructors
   info - Use 'const' with the constructor to improve performance - lib\features\home\widgets\thread_message_card.dart:293:22 - prefer_const_constructors
   info - Use 'const' with the constructor to improve performance - lib\features\home\widgets\thread_message_card.dart:340:32 - prefer_const_constructors
   info - Use 'const' with the constructor to improve performance - lib\features\home\widgets\thread_message_card.dart:348:19 - prefer_const_constructors
   info - Use 'const' with the constructor to improve performance - lib\features\home\widgets\thread_message_card.dart:374:16 - prefer_const_constructors
   info - Use 'const' literals as arguments to constructors of '@immutable' classes - lib\features\home\widgets\thread_message_card.dart:375:21 - prefer_const_literals_to_create_immutables
   info - Use 'const' with the constructor to improve performance - lib\features\home\widgets\thread_message_card.dart:376:13 - prefer_const_constructors
   info - Use 'const' with the constructor to improve performance - lib\features\home\widgets\thread_message_card.dart:382:13 - prefer_const_constructors
   info - Use 'const' with the constructor to improve performance - lib\features\home\widgets\thread_message_card.dart:384:22 - prefer_const_constructors
   info - Use 'const' with the constructor to improve performance - lib\features\onboarding\get_started_screen.dart:176:27 - prefer_const_constructors
   info - Use 'const' literals as arguments to constructors of '@immutable' classes - lib\features\onboarding\get_started_screen.dart:177:39 - prefer_const_literals_to_create_immutables
   info - Use 'const' with the constructor to improve performance - lib\features\onboarding\get_started_screen.dart:188:31 - prefer_const_constructors
   info - Use 'const' with the constructor to improve performance - lib\features\onboarding\get_started_screen.dart:190:40 - prefer_const_constructors
   info - Use 'const' with the constructor to improve performance - lib\features\onboarding\get_started_screen.dart:203:27 - prefer_const_constructors
   info - Use 'const' with the constructor to improve performance - lib\features\onboarding\get_started_screen.dart:205:36 - prefer_const_constructors
   info - Use 'const' with the constructor to improve performance - lib\features\profile\screens\bucket_customization_screen.dart:85:19 - prefer_const_constructors
   info - Use 'const' with the constructor to improve performance - lib\features\profile\screens\bucket_customization_screen.dart:215:26 - prefer_const_constructors
   info - Use 'const' with the constructor to improve performance - lib\features\profile\screens\bucket_customization_screen.dart:255:27 - prefer_const_constructors
   info - Use 'const' with the constructor to improve performance - lib\features\profile\screens\label_customization_screen.dart:206:11 - prefer_const_constructors
   info - Use 'const' with the constructor to improve performance - lib\features\profile\screens\label_customization_screen.dart:432:27 - prefer_const_constructors
   info - Use 'const' with the constructor to improve performance - lib\features\profile\screens\muted_senders_screen.dart:180:33 - prefer_const_constructors
   info - Use 'const' with the constructor to improve performance - lib\features\profile\screens\muted_senders_screen.dart:262:22 - prefer_const_constructors
   info - Use 'const' with the constructor to improve performance - lib\features\profile\screens\muted_senders_screen.dart:278:13 - prefer_const_constructors
   info - Use 'const' with the constructor to improve performance - lib\features\profile\screens\muted_senders_screen.dart:281:22 - prefer_const_constructors
   info - Use 'const' with the constructor to improve performance - lib\features\profile\screens\muted_senders_screen.dart:321:22 - prefer_const_constructors
   info - Use 'const' with the constructor to improve performance - lib\features\profile\screens\notification_settings_screen.dart:275:17 - prefer_const_constructors
   info - Use 'const' with the constructor to improve performance - lib\features\profile\screens\profile_screen.dart:933:31 - prefer_const_constructors
   info - Use 'const' with the constructor to improve performance - lib\features\profile\screens\vip_senders_screen.dart:180:33 - prefer_const_constructors
   info - Use 'const' with the constructor to improve performance - lib\features\profile\screens\vip_senders_screen.dart:267:22 - prefer_const_constructors
   info - Use 'const' with the constructor to improve performance - lib\features\profile\screens\vip_senders_screen.dart:283:13 - prefer_const_constructors
   info - Use 'const' with the constructor to improve performance - lib\features\profile\screens\vip_senders_screen.dart:286:22 - prefer_const_constructors
   info - Use 'const' with the constructor to improve performance - lib\features\profile\screens\vip_senders_screen.dart:326:22 - prefer_const_constructors
   info - Use 'const' with the constructor to improve performance - lib\features\profile\widgets\profile_header.dart:197:18 - prefer_const_constructors
   info - Use 'const' with the constructor to improve performance - lib\features\profile\widgets\sender_list_tile.dart:95:28 - prefer_const_constructors
   info - Use 'const' with the constructor to improve performance - lib\features\profile\widgets\sender_list_tile.dart:114:32 - prefer_const_constructors
   info - Use 'const' with the constructor to improve performance - lib\features\profile\widgets\sender_list_tile.dart:128:21 - prefer_const_constructors
   info - Use 'const' with the constructor to improve performance - lib\features\profile\widgets\settings_tile.dart:192:22 - prefer_const_constructors
   info - Use 'const' with the constructor to improve performance - lib\features\profile\widgets\settings_tile.dart:256:24 - prefer_const_constructors
   info - Use 'const' with the constructor to improve performance - lib\main.dart:64:20 - prefer_const_constructors
   info - Use 'const' with the constructor to improve performance - lib\main.dart:87:20 - prefer_const_constructors
   info - Don't invoke 'print' in production code - lib\services\ai_service.dart:95:7 - avoid_print
   info - Don't invoke 'print' in production code - lib\services\ai_service.dart:132:9 - avoid_print
   info - Don't invoke 'print' in production code - lib\services\ai_service.dart:136:7 - avoid_print
   info - The local variable '_noReplyPatterns' starts with an underscore - lib\services\intelligence_service.dart:35:11 - no_leading_underscores_for_local_identifiers
   info - The local variable '_knownNotificationDomains' starts with an underscore - lib\services\intelligence_service.dart:36:11 - no_leading_underscores_for_local_identifiers
   info - Statements in an if should be enclosed in a block - lib\services\intelligence_service.dart:88:21 - curly_braces_in_flow_control_structures
   info - Statements in an if should be enclosed in a block - lib\services\intelligence_service.dart:89:21 - curly_braces_in_flow_control_structures
   info - Statements in an if should be enclosed in a block - lib\services\intelligence_service.dart:90:27 - curly_braces_in_flow_control_structures
   info - Statements in an if should be enclosed in a block - lib\services\intelligence_service.dart:91:26 - curly_braces_in_flow_control_structures
   info - Statements in an if should be enclosed in a block - lib\services\intelligence_service.dart:92:29 - curly_braces_in_flow_control_structures
   info - Statements in an if should be enclosed in a block - lib\services\intelligence_service.dart:122:29 - curly_braces_in_flow_control_structures
   info - Statements in an if should be enclosed in a block - lib\services\intelligence_service.dart:123:27 - curly_braces_in_flow_control_structures
   info - Statements in an if should be enclosed in a block - lib\services\intelligence_service.dart:124:27 - curly_braces_in_flow_control_structures
   info - Statements in an if should be enclosed in a block - lib\services\intelligence_service.dart:125:10 - curly_braces_in_flow_control_structures
   info - Statements in an if should be enclosed in a block - lib\services\intelligence_service.dart:132:21 - curly_braces_in_flow_control_structures
   info - Statements in an if should be enclosed in a block - lib\services\intelligence_service.dart:133:27 - curly_braces_in_flow_control_structures
   info - Statements in an if should be enclosed in a block - lib\services\intelligence_service.dart:134:26 - curly_braces_in_flow_control_structures
   info - Statements in an if should be enclosed in a block - lib\services\intelligence_service.dart:135:29 - curly_braces_in_flow_control_structures
   info - Statements in an if should be enclosed in a block - lib\services\intelligence_service.dart:136:27 - curly_braces_in_flow_control_structures
   info - Don't invoke 'print' in production code - lib\services\storage_service.dart:36:5 - avoid_print
   info - Don't invoke 'print' in production code - lib\services\storage_service.dart:37:5 - avoid_print
   info - Don't invoke 'print' in production code - lib\services\storage_service.dart:38:5 - avoid_print
   info - Don't invoke 'print' in production code - lib\services\storage_service.dart:106:9 - avoid_print
   info - Don't invoke 'print' in production code - lib\services\storage_service.dart:131:11 - avoid_print
   info - Don't invoke 'print' in production code - lib\services\storage_service.dart:187:13 - avoid_print
   info - Don't invoke 'print' in production code - lib\services\storage_service.dart:189:13 - avoid_print
   info - Don't invoke 'print' in production code - lib\services\storage_service.dart:206:13 - avoid_print
   info - Don't invoke 'print' in production code - lib\services\storage_service.dart:208:13 - avoid_print
   info - Don't invoke 'print' in production code - lib\services\storage_service.dart:243:13 - avoid_print
   info - Don't invoke 'print' in production code - lib\services\storage_service.dart:245:13 - avoid_print
   info - Don't invoke 'print' in production code - lib\services\storage_service.dart:248:11 - avoid_print
   info - Don't invoke 'print' in production code - lib\services\storage_service.dart:318:7 - avoid_print
   info - Don't invoke 'print' in production code - lib\services\storage_service.dart:320:7 - avoid_print
   info - Don't invoke 'print' in production code - lib\services\storage_service.dart:326:11 - avoid_print
   info - Don't invoke 'print' in production code - lib\services\storage_service.dart:500:5 - avoid_print
warning - The declaration '_loadCustomLabelsSync' isn't referenced - lib\services\storage_service.dart:837:20 - unused_element
warning - Unused import: 'package:app/models/user_settings_model.dart' - lib\services\sync_service.dart:5:8 - unused_import
warning - Unused import: 'package:app/models/usage_stats_model.dart' - lib\services\sync_service.dart:6:8 - unused_import
   info - Don't invoke 'print' in production code - lib\services\sync_service.dart:19:5 - avoid_print
   info - Don't invoke 'print' in production code - lib\services\sync_service.dart:25:5 - avoid_print
   info - Don't invoke 'print' in production code - lib\services\sync_service.dart:31:5 - avoid_print
   info - Don't invoke 'print' in production code - lib\services\sync_service.dart:37:5 - avoid_print
   info - Don't invoke 'print' in production code - lib\services\sync_service.dart:46:7 - avoid_print
   info - Don't invoke 'print' in production code - lib\services\sync_service.dart:138:11 - avoid_print
   info - Don't invoke 'print' in production code - lib\services\sync_service.dart:140:11 - avoid_print
   info - Don't invoke 'print' in production code - lib\services\sync_service.dart:155:9 - avoid_print
   info - Don't invoke 'print' in production code - lib\services\sync_service.dart:164:7 - avoid_print
   info - Don't invoke 'print' in production code - lib\services\sync_service.dart:165:7 - avoid_print
   info - Don't invoke 'print' in production code - lib\services\sync_service.dart:166:7 - avoid_print
   info - Don't invoke 'print' in production code - lib\services\sync_service.dart:170:7 - avoid_print
   info - Don't invoke 'print' in production code - lib\services\sync_service.dart:204:7 - avoid_print
   info - Don't invoke 'print' in production code - lib\services\sync_service.dart:206:7 - avoid_print
   info - Don't invoke 'print' in production code - lib\services\sync_service.dart:214:5 - avoid_print
   info - Don't invoke 'print' in production code - lib\services\sync_service.dart:226:11 - avoid_print
   info - Don't invoke 'print' in production code - lib\services\sync_service.dart:229:9 - avoid_print
   info - Don't invoke 'print' in production code - lib\services\sync_service.dart:233:5 - avoid_print
   info - Don't invoke 'print' in production code - test\debug_database.dart:13:5 - avoid_print
   info - Don't invoke 'print' in production code - test\debug_database.dart:14:5 - avoid_print
   info - Don't invoke 'print' in production code - test\debug_database.dart:15:5 - avoid_print
   info - Don't invoke 'print' in production code - test\debug_database.dart:16:5 - avoid_print
   info - Don't invoke 'print' in production code - test\debug_database.dart:22:5 - avoid_print
   info - Don't invoke 'print' in production code - test\debug_database.dart:29:7 - avoid_print
   info - Don't invoke 'print' in production code - test\debug_database.dart:30:7 - avoid_print
   info - Don't invoke 'print' in production code - test\debug_database.dart:31:7 - avoid_print
   info - Don't invoke 'print' in production code - test\debug_database.dart:34:9 - avoid_print
   info - Don't invoke 'print' in production code - test\debug_database.dart:37:9 - avoid_print
   info - Don't invoke 'print' in production code - test\debug_database.dart:38:9 - avoid_print
   info - Don't invoke 'print' in production code - test\debug_database.dart:46:13 - avoid_print
   info - Don't invoke 'print' in production code - test\debug_database.dart:48:11 - avoid_print
   info - Don't invoke 'print' in production code - test\debug_database.dart:52:11 - avoid_print
   info - Don't invoke 'print' in production code - test\debug_database.dart:55:7 - avoid_print
warning - Unused import: 'package:app/models/email_label_model.dart' - test\debug_intelligence.dart:2:8 - unused_import
   info - Don't invoke 'print' in production code - test\debug_intelligence.dart:42:5 - avoid_print
   info - Don't invoke 'print' in production code - test\debug_intelligence.dart:48:5 - avoid_print
   info - Don't invoke 'print' in production code - test\debug_intelligence.dart:49:5 - avoid_print
   info - Don't invoke 'print' in production code - test\debug_intelligence.dart:50:5 - avoid_print
   info - Don't invoke 'print' in production code - test\debug_intelligence.dart:51:5 - avoid_print
   info - Don't invoke 'print' in production code - test\debug_intelligence.dart:52:5 - avoid_print
   info - Don't invoke 'print' in production code - test\debug_intelligence.dart:53:5 - avoid_print

